{"__type":"$$EventMessageAudit","id":"f8590833-6717-49c6-98c2-a26d1300fd98","ts":"2026-08-10T23:20:39.339+02:00","eventName":"n8n.audit.workflow.updated","message":"n8n.audit.workflow.updated","payload":{"userId":"9c968acf-8060-4d0b-9187-dde49eae5716","_email":"demo@email.com","_firstName":"demo","_lastName":"demo","globalRole":"global:owner","workflowId":"icMHjYIDJfI6WAq5","workflowName":"traininig_management_workflow"}}
{"__type":"$$EventMessageConfirm","confirm":"f8590833-6717-49c6-98c2-a26d1300fd98","ts":"2026-08-10T23:20:39.344+02:00","source":{"id":"0","name":"eventBus"}}
{"__type":"$$EventMessageAudit","id":"eb53808f-ae7d-42fd-8ac3-1530a501d529","ts":"2026-08-10T23:20:55.820+02:00","eventName":"n8n.audit.workflow.updated","message":"n8n.audit.workflow.updated","payload":{"userId":"9c968acf-8060-4d0b-9187-dde49eae5716","_email":"demo@email.com","_firstName":"demo","_lastName":"demo","globalRole":"global:owner","workflowId":"icMHjYIDJfI6WAq5","workflowName":"traininig_management_workflow"}}
{"__type":"$$EventMessageConfirm","confirm":"eb53808f-ae7d-42fd-8ac3-1530a501d529","ts":"2026-08-10T23:20:55.821+02:00","source":{"id":"0","name":"eventBus"}}
{"__type":"$$EventMessageAudit","id":"3137e122-cfbd-48a7-a3a3-cbd5bd73a9c1","ts":"2026-08-10T23:21:21.140+02:00","eventName":"n8n.audit.workflow.updated","message":"n8n.audit.workflow.updated","payload":{"userId":"9c968acf-8060-4d0b-9187-dde49eae5716","_email":"demo@email.com","_firstName":"demo","_lastName":"demo","globalRole":"global:owner","workflowId":"icMHjYIDJfI6WAq5","workflowName":"traininig_management_workflow"}}
{"__type":"$$EventMessageConfirm","confirm":"3137e122-cfbd-48a7-a3a3-cbd5bd73a9c1","ts":"2026-08-10T23:21:21.141+02:00","source":{"id":"0","name":"eventBus"}}
{"__type":"$$EventMessageAudit","id":"12489dd5-cb38-4aab-aca4-a0eb7633ae93","ts":"2026-08-10T23:21:32.761+02:00","eventName":"n8n.audit.workflow.updated","message":"n8n.audit.workflow.updated","payload":{"userId":"9c968acf-8060-4d0b-9187-dde49eae5716","_email":"demo@email.com","_firstName":"demo","_lastName":"demo","globalRole":"global:owner","workflowId":"icMHjYIDJfI6WAq5","workflowName":"traininig_management_workflow"}}
{"__type":"$$EventMessageConfirm","confirm":"12489dd5-cb38-4aab-aca4-a0eb7633ae93","ts":"2026-08-10T23:21:32.762+02:00","source":{"id":"0","name":"eventBus"}}
{"__type":"$$EventMessageAudit","id":"d78c2956-52aa-46e0-b7bb-2765f1de0396","ts":"2026-08-10T23:22:13.855+02:00","eventName":"n8n.audit.workflow.updated","message":"n8n.audit.workflow.updated","payload":{"userId":"9c968acf-8060-4d0b-9187-dde49eae5716","_email":"demo@email.com","_firstName":"demo","_lastName":"demo","globalRole":"global:owner","workflowId":"icMHjYIDJfI6WAq5","workflowName":"traininig_management_workflow"}}
{"__type":"$$EventMessageConfirm","confirm":"d78c2956-52aa-46e0-b7bb-2765f1de0396","ts":"2026-08-10T23:22:13.855+02:00","source":{"id":"0","name":"eventBus"}}
{"__type":"$$EventMessageAudit","id":"b6911d19-b174-436f-ab9e-16bd2e27f907","ts":"2026-08-10T23:22:15.580+02:00","eventName":"n8n.audit.workflow.updated","message":"n8n.audit.workflow.updated","payload":{"userId":"9c968acf-8060-4d0b-9187-dde49eae5716","_email":"demo@email.com","_firstName":"demo","_lastName":"demo","globalRole":"global:owner","workflowId":"icMHjYIDJfI6WAq5","workflowName":"traininig_management_workflow"}}
{"__type":"$$EventMessageConfirm","confirm":"b6911d19-b174-436f-ab9e-16bd2e27f907","ts":"2026-08-10T23:22:15.581+02:00","source":{"id":"0","name":"eventBus"}}
{"__type":"$$EventMessageAudit","id":"4bd5f710-6b4f-40bc-8ecf-f18fedbfd59f","ts":"2026-08-10T23:22:21.754+02:00","eventName":"n8n.audit.workflow.updated","message":"n8n.audit.workflow.updated","payload":{"userId":"9c968acf-8060-4d0b-9187-dde49eae5716","_email":"demo@email.com","_firstName":"demo","_lastName":"demo","globalRole":"global:owner","workflowId":"icMHjYIDJfI6WAq5","workflowName":"traininig_management_workflow"}}
{"__type":"$$EventMessageConfirm","confirm":"4bd5f710-6b4f-40bc-8ecf-f18fedbfd59f","ts":"2026-08-10T23:22:21.754+02:00","source":{"id":"0","name":"eventBus"}}
{"__type":"$$EventMessageAudit","id":"087759e9-8d7f-4716-93b4-9619fe805b6f","ts":"2026-08-10T23:22:32.322+02:00","eventName":"n8n.audit.workflow.updated","message":"n8n.audit.workflow.updated","payload":{"userId":"9c968acf-8060-4d0b-9187-dde49eae5716","_email":"demo@email.com","_firstName":"demo","_lastName":"demo","globalRole":"global:owner","workflowId":"icMHjYIDJfI6WAq5","workflowName":"traininig_management_workflow"}}
{"__type":"$$EventMessageConfirm","confirm":"087759e9-8d7f-4716-93b4-9619fe805b6f","ts":"2026-08-10T23:22:32.322+02:00","source":{"id":"0","name":"eventBus"}}
{"__type":"$$EventMessageAudit","id":"523da52c-2d40-414e-80e8-944f1d840b67","ts":"2026-08-10T23:23:01.409+02:00","eventName":"n8n.audit.workflow.updated","message":"n8n.audit.workflow.updated","payload":{"userId":"9c968acf-8060-4d0b-9187-dde49eae5716","_email":"demo@email.com","_firstName":"demo","_lastName":"demo","globalRole":"global:owner","workflowId":"icMHjYIDJfI6WAq5","workflowName":"traininig_management_workflow"}}
{"__type":"$$EventMessageConfirm","confirm":"523da52c-2d40-414e-80e8-944f1d840b67","ts":"2026-08-10T23:23:01.409+02:00","source":{"id":"0","name":"eventBus"}}
{"__type":"$$EventMessageAudit","id":"56440b8f-802a-433a-9b3c-ea204658e7e8","ts":"2026-08-10T23:23:40.075+02:00","eventName":"n8n.audit.workflow.updated","message":"n8n.audit.workflow.updated","payload":{"userId":"9c968acf-8060-4d0b-9187-dde49eae5716","_email":"demo@email.com","_firstName":"demo","_lastName":"demo","globalRole":"global:owner","workflowId":"icMHjYIDJfI6WAq5","workflowName":"traininig_management_workflow"}}
{"__type":"$$EventMessageConfirm","confirm":"56440b8f-802a-433a-9b3c-ea204658e7e8","ts":"2026-08-10T23:23:40.076+02:00","source":{"id":"0","name":"eventBus"}}
{"__type":"$$EventMessageAudit","id":"e0e34334-60f2-48eb-9686-ebca8f2c8756","ts":"2026-08-10T23:23:54.460+02:00","eventName":"n8n.audit.workflow.updated","message":"n8n.audit.workflow.updated","payload":{"userId":"9c968acf-8060-4d0b-9187-dde49eae5716","_email":"demo@email.com","_firstName":"demo","_lastName":"demo","globalRole":"global:owner","workflowId":"icMHjYIDJfI6WAq5","workflowName":"traininig_management_workflow"}}
{"__type":"$$EventMessageConfirm","confirm":"e0e34334-60f2-48eb-9686-ebca8f2c8756","ts":"2026-08-10T23:23:54.460+02:00","source":{"id":"0","name":"eventBus"}}
{"__type":"$$EventMessageAudit","id":"f520f899-4ee1-46c4-b153-d7d226d86884","ts":"2026-08-10T23:24:12.396+02:00","eventName":"n8n.audit.workflow.updated","message":"n8n.audit.workflow.updated","payload":{"userId":"9c968acf-8060-4d0b-9187-dde49eae5716","_email":"demo@email.com","_firstName":"demo","_lastName":"demo","globalRole":"global:owner","workflowId":"icMHjYIDJfI6WAq5","workflowName":"traininig_management_workflow"}}
{"__type":"$$EventMessageConfirm","confirm":"f520f899-4ee1-46c4-b153-d7d226d86884","ts":"2026-08-10T23:24:12.397+02:00","source":{"id":"0","name":"eventBus"}}
{"__type":"$$EventMessageAudit","id":"ec93d67d-32fb-4c8b-8f3f-4b640fa1ece1","ts":"2026-08-10T23:24:42.793+02:00","eventName":"n8n.audit.workflow.updated","message":"n8n.audit.workflow.updated","payload":{"userId":"9c968acf-8060-4d0b-9187-dde49eae5716","_email":"demo@email.com","_firstName":"demo","_lastName":"demo","globalRole":"global:owner","workflowId":"icMHjYIDJfI6WAq5","workflowName":"traininig_management_workflow"}}
{"__type":"$$EventMessageConfirm","confirm":"ec93d67d-32fb-4c8b-8f3f-4b640fa1ece1","ts":"2026-08-10T23:24:42.793+02:00","source":{"id":"0","name":"eventBus"}}
{"__type":"$$EventMessageAudit","id":"87a8ad3b-0190-41a3-a03b-bd1f9573cb28","ts":"2026-08-10T23:24:56.790+02:00","eventName":"n8n.audit.workflow.updated","message":"n8n.audit.workflow.updated","payload":{"userId":"9c968acf-8060-4d0b-9187-dde49eae5716","_email":"demo@email.com","_firstName":"demo","_lastName":"demo","globalRole":"global:owner","workflowId":"icMHjYIDJfI6WAq5","workflowName":"traininig_management_workflow"}}
{"__type":"$$EventMessageConfirm","confirm":"87a8ad3b-0190-41a3-a03b-bd1f9573cb28","ts":"2026-08-10T23:24:56.791+02:00","source":{"id":"0","name":"eventBus"}}
{"__type":"$$EventMessageAudit","id":"ba16e5df-e3e3-4a3e-b7c6-4f35fc4c5c08","ts":"2026-08-10T23:24:58.762+02:00","eventName":"n8n.audit.workflow.updated","message":"n8n.audit.workflow.updated","payload":{"userId":"9c968acf-8060-4d0b-9187-dde49eae5716","_email":"demo@email.com","_firstName":"demo","_lastName":"demo","globalRole":"global:owner","workflowId":"icMHjYIDJfI6WAq5","workflowName":"traininig_management_workflow"}}
{"__type":"$$EventMessageConfirm","confirm":"ba16e5df-e3e3-4a3e-b7c6-4f35fc4c5c08","ts":"2026-08-10T23:24:58.762+02:00","source":{"id":"0","name":"eventBus"}}
{"__type":"$$EventMessageAudit","id":"ea5ff27e-4c69-4fb3-8f38-edc893b19781","ts":"2026-08-10T23:25:00.476+02:00","eventName":"n8n.audit.workflow.updated","message":"n8n.audit.workflow.updated","payload":{"userId":"9c968acf-8060-4d0b-9187-dde49eae5716","_email":"demo@email.com","_firstName":"demo","_lastName":"demo","globalRole":"global:owner","workflowId":"icMHjYIDJfI6WAq5","workflowName":"traininig_management_workflow"}}
{"__type":"$$EventMessageConfirm","confirm":"ea5ff27e-4c69-4fb3-8f38-edc893b19781","ts":"2026-08-10T23:25:00.477+02:00","source":{"id":"0","name":"eventBus"}}
{"__type":"$$EventMessageAudit","id":"30e0865d-b660-42be-8120-a4225c057b35","ts":"2026-08-10T23:25:03.216+02:00","eventName":"n8n.audit.workflow.updated","message":"n8n.audit.workflow.updated","payload":{"userId":"9c968acf-8060-4d0b-9187-dde49eae5716","_email":"demo@email.com","_firstName":"demo","_lastName":"demo","globalRole":"global:owner","workflowId":"icMHjYIDJfI6WAq5","workflowName":"traininig_management_workflow"}}
{"__type":"$$EventMessageConfirm","confirm":"30e0865d-b660-42be-8120-a4225c057b35","ts":"2026-08-10T23:25:03.218+02:00","source":{"id":"0","name":"eventBus"}}
{"__type":"$$EventMessageAudit","id":"6bb4b5e6-aece-4d1d-9188-f424d9b5f6b1","ts":"2026-08-10T23:25:11.241+02:00","eventName":"n8n.audit.workflow.updated","message":"n8n.audit.workflow.updated","payload":{"userId":"9c968acf-8060-4d0b-9187-dde49eae5716","_email":"demo@email.com","_firstName":"demo","_lastName":"demo","globalRole":"global:owner","workflowId":"icMHjYIDJfI6WAq5","workflowName":"traininig_management_workflow"}}
{"__type":"$$EventMessageConfirm","confirm":"6bb4b5e6-aece-4d1d-9188-f424d9b5f6b1","ts":"2026-08-10T23:25:11.241+02:00","source":{"id":"0","name":"eventBus"}}
{"__type":"$$EventMessageAudit","id":"676d8ae4-bae9-4d0c-bf93-ce88e406beff","ts":"2026-08-10T23:25:50.275+02:00","eventName":"n8n.audit.workflow.updated","message":"n8n.audit.workflow.updated","payload":{"userId":"9c968acf-8060-4d0b-9187-dde49eae5716","_email":"demo@email.com","_firstName":"demo","_lastName":"demo","globalRole":"global:owner","workflowId":"icMHjYIDJfI6WAq5","workflowName":"traininig_management_workflow"}}
{"__type":"$$EventMessageConfirm","confirm":"676d8ae4-bae9-4d0c-bf93-ce88e406beff","ts":"2026-08-10T23:25:50.275+02:00","source":{"id":"0","name":"eventBus"}}
{"__type":"$$EventMessageAudit","id":"45c72708-0c29-4bc1-9c46-c8a4b83612fd","ts":"2026-08-10T23:26:03.588+02:00","eventName":"n8n.audit.workflow.updated","message":"n8n.audit.workflow.updated","payload":{"userId":"9c968acf-8060-4d0b-9187-dde49eae5716","_email":"demo@email.com","_firstName":"demo","_lastName":"demo","globalRole":"global:owner","workflowId":"icMHjYIDJfI6WAq5","workflowName":"traininig_management_workflow"}}
{"__type":"$$EventMessageConfirm","confirm":"45c72708-0c29-4bc1-9c46-c8a4b83612fd","ts":"2026-08-10T23:26:03.588+02:00","source":{"id":"0","name":"eventBus"}}
{"__type":"$$EventMessageAudit","id":"331de7aa-bce7-4320-a519-a7329acd1617","ts":"2026-08-10T23:26:28.539+02:00","eventName":"n8n.audit.workflow.updated","message":"n8n.audit.workflow.updated","payload":{"userId":"9c968acf-8060-4d0b-9187-dde49eae5716","_email":"demo@email.com","_firstName":"demo","_lastName":"demo","globalRole":"global:owner","workflowId":"icMHjYIDJfI6WAq5","workflowName":"traininig_management_workflow"}}
{"__type":"$$EventMessageConfirm","confirm":"331de7aa-bce7-4320-a519-a7329acd1617","ts":"2026-08-10T23:26:28.540+02:00","source":{"id":"0","name":"eventBus"}}
{"__type":"$$EventMessageAudit","id":"adb58d76-6fab-48c6-bfe1-71bb86065d1f","ts":"2026-08-10T23:26:38.486+02:00","eventName":"n8n.audit.workflow.updated","message":"n8n.audit.workflow.updated","payload":{"userId":"9c968acf-8060-4d0b-9187-dde49eae5716","_email":"demo@email.com","_firstName":"demo","_lastName":"demo","globalRole":"global:owner","workflowId":"icMHjYIDJfI6WAq5","workflowName":"traininig_management_workflow"}}
{"__type":"$$EventMessageConfirm","confirm":"adb58d76-6fab-48c6-bfe1-71bb86065d1f","ts":"2026-08-10T23:26:38.486+02:00","source":{"id":"0","name":"eventBus"}}
{"__type":"$$EventMessageAudit","id":"61cb6b6b-7647-48a2-8503-4c86dbb20c17","ts":"2026-08-10T23:27:14.492+02:00","eventName":"n8n.audit.workflow.updated","message":"n8n.audit.workflow.updated","payload":{"userId":"9c968acf-8060-4d0b-9187-dde49eae5716","_email":"demo@email.com","_firstName":"demo","_lastName":"demo","globalRole":"global:owner","workflowId":"icMHjYIDJfI6WAq5","workflowName":"traininig_management_workflow"}}
{"__type":"$$EventMessageConfirm","confirm":"61cb6b6b-7647-48a2-8503-4c86dbb20c17","ts":"2026-08-10T23:27:14.493+02:00","source":{"id":"0","name":"eventBus"}}
{"__type":"$$EventMessageAudit","id":"15833a94-cf02-4eea-a693-3e7c1f135974","ts":"2026-08-10T23:27:52.365+02:00","eventName":"n8n.audit.workflow.updated","message":"n8n.audit.workflow.updated","payload":{"userId":"9c968acf-8060-4d0b-9187-dde49eae5716","_email":"demo@email.com","_firstName":"demo","_lastName":"demo","globalRole":"global:owner","workflowId":"icMHjYIDJfI6WAq5","workflowName":"traininig_management_workflow"}}
{"__type":"$$EventMessageConfirm","confirm":"15833a94-cf02-4eea-a693-3e7c1f135974","ts":"2026-08-10T23:27:52.366+02:00","source":{"id":"0","name":"eventBus"}}
{"__type":"$$EventMessageAudit","id":"5327d913-0c39-4732-8dff-b46a2c3fc64b","ts":"2026-08-10T23:27:59.931+02:00","eventName":"n8n.audit.workflow.updated","message":"n8n.audit.workflow.updated","payload":{"userId":"9c968acf-8060-4d0b-9187-dde49eae5716","_email":"demo@email.com","_firstName":"demo","_lastName":"demo","globalRole":"global:owner","workflowId":"icMHjYIDJfI6WAq5","workflowName":"traininig_management_workflow"}}
{"__type":"$$EventMessageConfirm","confirm":"5327d913-0c39-4732-8dff-b46a2c3fc64b","ts":"2026-08-10T23:27:59.932+02:00","source":{"id":"0","name":"eventBus"}}
